[glampingtemplate.webflow.io/home-pages/home-v1.html]
[backblue.gif]
[fade.gif]
[index.html]
[cdn.prod.website-files.com/66982ae9fb16de9abb010249/css/glampingtemplate.webflow.1cf056bf8.css]
[ajax.googleapis.com/ajax/libs/webfont/1.6.26/webfont.js]
[glampingtemplate.webflow.io/home-pages/home-v2.html]
[glampingtemplate.webflow.io/home-pages/home-v3.html]
[cdn.prod.website-files.com/66982ae9fb16de9abb010249/66a3f6820f2aadfb1a9c9434_perfect-glamping-destination-image-glamping-x-webflow-template.jpg]
[cdn.prod.website-files.com/66982ae9fb16de9abb010249/66a3fb7d01623a180403ba56_come-to-our-peaceful-place-image-glamping-x-webflow-template.jpg]
[cdn.prod.website-files.com/66982ae9fb16de9abb01027e/66a28285ec61deebee4139c7_pine-ridge-glampsite-default-image-glamping-x-webflow-template.jpg]
[cdn.prod.website-files.com/66982ae9fb16de9abb01027e/66a281f0728d0f9a91237030_lakeside-luxury-escape-default-image-glamping-x-webflow-template.jpg]
[cdn.prod.website-files.com/66982ae9fb16de9abb01027e/66a28120ac2e1afc9c14932c_sunset-valley-haven-default-image-glamping-x-webflow-template.jpg]
[cdn.prod.website-files.com/66982ae9fb16de9abb010249/669ebe5a02e5eb184535b1fc_cta-v1-image-glamping-x-webflow-template.jpg]
[cdn.prod.website-files.com/66982ae9fb16de9abb010249/66a3dbaeef7381425114774b_john-carter-image-glamping-x-webflow-template.png]
[cdn.prod.website-files.com/66982ae9fb16de9abb010249/66a3dbafc8805ef3b5acf255_sophie-moore-image-glamping-x-webflow-template.png]
[cdn.prod.website-files.com/66982ae9fb16de9abb010249/66a3dbae0a6259b9cb05cb3f_matt-cannon-image-glamping-x-webflow-template.png]
[cdn.prod.website-files.com/66982ae9fb16de9abb01027e/66996e89724de66b7c64eed6_ultimate-guide-to-luxury-glamping-experience-small-image-glamping-x-webflow-template.jpg]
[cdn.prod.website-files.com/66982ae9fb16de9abb01027e/66996e550fa718ab78e5e62f_top-10-glamping-destinations-you-must-visit-small-image-glamping-x-webflow-template.jpg]
[cdn.prod.website-files.com/66982ae9fb16de9abb01027e/66996e30d33beb1adf8fce89_why-glamping-is-the-new-trend-in-outdoor-travel-small-image-glamping-x-webflow-template.jpg]
[cdn.prod.website-files.com/66982ae9fb16de9abb010249/669ffead46d2d7e884fb23f9_social-media-gallery-one-default-image-glampling-x-webflow-template.jpg]
[cdn.prod.website-files.com/66982ae9fb16de9abb010249/669ffeac19af17335e2648f8_social-media-gallery-two-default-image-glampling-x-webflow-template.jpg]
[cdn.prod.website-files.com/66982ae9fb16de9abb010249/669ffeadac506ee8195e42b0_social-media-gallery-three-default-image-glampling-x-webflow-template.jpg]
[cdn.prod.website-files.com/66982ae9fb16de9abb010249/669ffead2abfff04cea0b419_social-media-gallery-four-default-image-glampling-x-webflow-template.jpg]
[cdn.prod.website-files.com/608e162a9175d0346094038b/67463b7d46e9fffa59a5ab2b_webflow-logo.png]
[cdn.prod.website-files.com/66982ae9fb16de9abb010249/6750d9659961b3f002845f76_customize-your-webflow-template-brix-templates.png]
[d3e54v103j8qbb.cloudfront.net/js/jquery-3.5.1.min.dc5e7f18c83354.js]
[glampingtemplate.webflow.io/home-pages/home-v1.html]
[cdn.prod.website-files.com/66982ae9fb16de9abb010249/css/glampingtemplate.webflow.1cf056bf8.css]
[cdn.prod.website-files.com/66982ae9fb16de9abb010249/js/webflow.64f286626.js]
[cdn.prod.website-files.com/66982ae9fb16de9abb010249/66a3dbb1d79918988329fda8_your-dream-glamping-vacation-image-glamping-x-webflow-template.jpg]
[cdn.prod.website-files.com/66982ae9fb16de9abb010249/66a3dbadbb08aa9cb76d094d_about-us-image-glamping-x-webflow-template.jpg]
[cdn.prod.website-files.com/66982ae9fb16de9abb010249/66a3dbad4fe7e60edcbe621c_glamping-app-image-glamping-x-webflow-template.png]
[cdn.prod.website-files.com/66982ae9fb16de9abb010249/66a3dbb080b416c52ff5e428_why-us-image-glamping-x-webflow-template.jpg]
[cdn.prod.website-files.com/66982ae9fb16de9abb010249/66a3dbae2c1d7005a396db0f_our-activities-image-glamping-x-webflow-template.jpg]
[cdn.prod.website-files.com/66982ae9fb16de9abb010249/669ebe5a3584a8f9db3e4f7d_cta-v2-image-glamping-x-webflow-template.jpg]
[cdn.prod.website-files.com/66982ae9fb16de9abb01027e/66996e85800c747db2b1d1d9_ultimate-guide-to-luxury-glamping-experience-default-image-glamping-x-webflow-template.jpg]
[cdn.prod.website-files.com/66982ae9fb16de9abb01027e/66996e5af27e80e4199631aa_top-10-glamping-destinations-you-must-visit-default-image-glamping-x-webflow-template.jpg]
[glampingtemplate.webflow.io/home-pages/home-v2.html]
[cdn.prod.website-files.com/66982ae9fb16de9abb010249/66a3b7690b423b394f9c744e_magic-of-glamping-image-glamping-x-webflow-template.jpg]
[cdn.prod.website-files.com/66982ae9fb16de9abb010249/66a3b768199ad795560781ae_come-to-our-peaceful-place-image-glamping-x-webflow-template.jpg]
[cdn.prod.website-files.com/66982ae9fb16de9abb010249/66a3b7682213f43a85d3fa8e_reconnect-with-yourself-image-glamping-x-webflow-template.jpg]
[cdn.prod.website-files.com/66982ae9fb16de9abb010249/66a3b769583a65df61c00397_oyful-activities-for-you-and-your-family-image-glamping-x-webflow-template.jpg]
[cdn.prod.website-files.com/66982ae9fb16de9abb010249/669ebe5aa35917c2818bc13f_cta-v3-image-glamping-x-webflow-template.jpg]
[cdn.prod.website-files.com/66982ae9fb16de9abb010249/669fdbcc4c2b17d53c6545f4_social-media-gallery-one-glamping-x-webflow-template.jpg]
[cdn.prod.website-files.com/66982ae9fb16de9abb010249/669fdbcb11fe0dd1a098f75a_social-media-gallery-two-glamping-x-webflow-template.jpg]
[cdn.prod.website-files.com/66982ae9fb16de9abb010249/669fdbcb191717c03c881b6e_social-media-gallery-three-glamping-x-webflow-template.jpg]
[cdn.prod.website-files.com/66982ae9fb16de9abb010249/669fdbccea1643143de1904b_social-media-gallery-four-glamping-x-webflow-template.jpg]
[glampingtemplate.webflow.io/home-pages/home-v3.html]
